<?xml version="1.0"?>
<link_info>
   <banner>TMS320C2000 Linker PC v16.9.0.LTS</banner>
   <copyright>Copyright (c) 1996-2015 Texas Instruments Incorporated</copyright>
   <link_time>0x617b46ff</link_time>
   <link_errors>0x0</link_errors>
   <output_file>hf_motordrive.out</output_file>
   <entry_point>
      <name>_c_int00</name>
      <address>0x3eccad</address>
   </entry_point>
   <input_file_list>
      <input_file id="fl-2">
         <path>.\Source\</path>
         <kind>object</kind>
         <file>alarm.obj</file>
         <name>alarm.obj</name>
      </input_file>
      <input_file id="fl-3">
         <path>.\Source\</path>
         <kind>object</kind>
         <file>application.obj</file>
         <name>application.obj</name>
      </input_file>
      <input_file id="fl-4">
         <path>.\Source\</path>
         <kind>object</kind>
         <file>cancomm.obj</file>
         <name>cancomm.obj</name>
      </input_file>
      <input_file id="fl-5">
         <path>.\Source\</path>
         <kind>object</kind>
         <file>communication.obj</file>
         <name>communication.obj</name>
      </input_file>
      <input_file id="fl-6">
         <path>.\Source\</path>
         <kind>object</kind>
         <file>device.obj</file>
         <name>device.obj</name>
      </input_file>
      <input_file id="fl-7">
         <path>.\Source\</path>
         <kind>object</kind>
         <file>eSMO.obj</file>
         <name>eSMO.obj</name>
      </input_file>
      <input_file id="fl-8">
         <path>.\Source\</path>
         <kind>object</kind>
         <file>hfi.obj</file>
         <name>hfi.obj</name>
      </input_file>
      <input_file id="fl-9">
         <path>.\Source\</path>
         <kind>object</kind>
         <file>interrupt.obj</file>
         <name>interrupt.obj</name>
      </input_file>
      <input_file id="fl-a">
         <path>.\Source\</path>
         <kind>object</kind>
         <file>led.obj</file>
         <name>led.obj</name>
      </input_file>
      <input_file id="fl-b">
         <path>.\Source\</path>
         <kind>object</kind>
         <file>main.obj</file>
         <name>main.obj</name>
      </input_file>
      <input_file id="fl-c">
         <path>.\Source\</path>
         <kind>object</kind>
         <file>transition.obj</file>
         <name>transition.obj</name>
      </input_file>
      <input_file id="fl-d">
         <path>.\DSP2803x_headers\source\</path>
         <kind>object</kind>
         <file>DSP2803x_GlobalVariableDefs.obj</file>
         <name>DSP2803x_GlobalVariableDefs.obj</name>
      </input_file>
      <input_file id="fl-e">
         <path>.\DSP2803x_common\source\</path>
         <kind>object</kind>
         <file>DSP2803x_Adc.obj</file>
         <name>DSP2803x_Adc.obj</name>
      </input_file>
      <input_file id="fl-f">
         <path>.\DSP2803x_common\source\</path>
         <kind>object</kind>
         <file>DSP2803x_CSMPasswords.obj</file>
         <name>DSP2803x_CSMPasswords.obj</name>
      </input_file>
      <input_file id="fl-10">
         <path>.\DSP2803x_common\source\</path>
         <kind>object</kind>
         <file>DSP2803x_CodeStartBranch.obj</file>
         <name>DSP2803x_CodeStartBranch.obj</name>
      </input_file>
      <input_file id="fl-11">
         <path>.\DSP2803x_common\source\</path>
         <kind>object</kind>
         <file>DSP2803x_CpuTimers.obj</file>
         <name>DSP2803x_CpuTimers.obj</name>
      </input_file>
      <input_file id="fl-12">
         <path>.\DSP2803x_common\source\</path>
         <kind>object</kind>
         <file>DSP2803x_DBGIER.obj</file>
         <name>DSP2803x_DBGIER.obj</name>
      </input_file>
      <input_file id="fl-13">
         <path>.\DSP2803x_common\source\</path>
         <kind>object</kind>
         <file>DSP2803x_DefaultIsr.obj</file>
         <name>DSP2803x_DefaultIsr.obj</name>
      </input_file>
      <input_file id="fl-14">
         <path>.\DSP2803x_common\source\</path>
         <kind>object</kind>
         <file>DSP2803x_DisInt.obj</file>
         <name>DSP2803x_DisInt.obj</name>
      </input_file>
      <input_file id="fl-15">
         <path>.\DSP2803x_common\source\</path>
         <kind>object</kind>
         <file>DSP2803x_EPwm.obj</file>
         <name>DSP2803x_EPwm.obj</name>
      </input_file>
      <input_file id="fl-16">
         <path>.\DSP2803x_common\source\</path>
         <kind>object</kind>
         <file>DSP2803x_Gpio.obj</file>
         <name>DSP2803x_Gpio.obj</name>
      </input_file>
      <input_file id="fl-17">
         <path>.\DSP2803x_common\source\</path>
         <kind>object</kind>
         <file>DSP2803x_MemCopy.obj</file>
         <name>DSP2803x_MemCopy.obj</name>
      </input_file>
      <input_file id="fl-18">
         <path>.\DSP2803x_common\source\</path>
         <kind>object</kind>
         <file>DSP2803x_OscComp.obj</file>
         <name>DSP2803x_OscComp.obj</name>
      </input_file>
      <input_file id="fl-19">
         <path>.\DSP2803x_common\source\</path>
         <kind>object</kind>
         <file>DSP2803x_PieCtrl.obj</file>
         <name>DSP2803x_PieCtrl.obj</name>
      </input_file>
      <input_file id="fl-1a">
         <path>.\DSP2803x_common\source\</path>
         <kind>object</kind>
         <file>DSP2803x_PieVect.obj</file>
         <name>DSP2803x_PieVect.obj</name>
      </input_file>
      <input_file id="fl-1b">
         <path>.\DSP2803x_common\source\</path>
         <kind>object</kind>
         <file>DSP2803x_Sci.obj</file>
         <name>DSP2803x_Sci.obj</name>
      </input_file>
      <input_file id="fl-1c">
         <path>.\DSP2803x_common\source\</path>
         <kind>object</kind>
         <file>DSP2803x_SysCtrl.obj</file>
         <name>DSP2803x_SysCtrl.obj</name>
      </input_file>
      <input_file id="fl-1d">
         <path>.\DSP2803x_common\source\</path>
         <kind>object</kind>
         <file>DSP2803x_usDelay.obj</file>
         <name>DSP2803x_usDelay.obj</name>
      </input_file>
      <input_file id="fl-2c">
         <path>..\DSP2803x_common\lib\</path>
         <kind>archive</kind>
         <file>IQmath.lib</file>
         <name>IQ24atan2PU.obj</name>
      </input_file>
      <input_file id="fl-2d">
         <path>..\DSP2803x_common\lib\</path>
         <kind>archive</kind>
         <file>IQmath.lib</file>
         <name>IQ24cosPU.obj</name>
      </input_file>
      <input_file id="fl-2e">
         <path>..\DSP2803x_common\lib\</path>
         <kind>archive</kind>
         <file>IQmath.lib</file>
         <name>IQ24div.obj</name>
      </input_file>
      <input_file id="fl-2f">
         <path>..\DSP2803x_common\lib\</path>
         <kind>archive</kind>
         <file>IQmath.lib</file>
         <name>IQ24sinPU.obj</name>
      </input_file>
      <input_file id="fl-30">
         <path>..\DSP2803x_common\lib\</path>
         <kind>archive</kind>
         <file>IQmath.lib</file>
         <name>IQmathTables.obj</name>
      </input_file>
      <input_file id="fl-31">
         <path>..\DSP2803x_common\lib\</path>
         <kind>archive</kind>
         <file>motorcontrol.lib</file>
         <name>control.obj</name>
      </input_file>
      <input_file id="fl-32">
         <path>C:\ti\ti-cgt-c2000_16.9.0.LTS\lib\</path>
         <kind>archive</kind>
         <file>rts2800_ml.lib</file>
         <name>boot28.obj</name>
      </input_file>
      <input_file id="fl-33">
         <path>C:\ti\ti-cgt-c2000_16.9.0.LTS\lib\</path>
         <kind>archive</kind>
         <file>rts2800_ml.lib</file>
         <name>cpy_tbl.obj</name>
      </input_file>
      <input_file id="fl-34">
         <path>C:\ti\ti-cgt-c2000_16.9.0.LTS\lib\</path>
         <kind>archive</kind>
         <file>rts2800_ml.lib</file>
         <name>e_expf.obj</name>
      </input_file>
      <input_file id="fl-35">
         <path>C:\ti\ti-cgt-c2000_16.9.0.LTS\lib\</path>
         <kind>archive</kind>
         <file>rts2800_ml.lib</file>
         <name>e_sqrtf.obj</name>
      </input_file>
      <input_file id="fl-36">
         <path>C:\ti\ti-cgt-c2000_16.9.0.LTS\lib\</path>
         <kind>archive</kind>
         <file>rts2800_ml.lib</file>
         <name>errno.obj</name>
      </input_file>
      <input_file id="fl-37">
         <path>C:\ti\ti-cgt-c2000_16.9.0.LTS\lib\</path>
         <kind>archive</kind>
         <file>rts2800_ml.lib</file>
         <name>exit.obj</name>
      </input_file>
      <input_file id="fl-38">
         <path>C:\ti\ti-cgt-c2000_16.9.0.LTS\lib\</path>
         <kind>archive</kind>
         <file>rts2800_ml.lib</file>
         <name>fd_mpy28.obj</name>
      </input_file>
      <input_file id="fl-39">
         <path>C:\ti\ti-cgt-c2000_16.9.0.LTS\lib\</path>
         <kind>archive</kind>
         <file>rts2800_ml.lib</file>
         <name>fd_tol28.obj</name>
      </input_file>
      <input_file id="fl-3a">
         <path>C:\ti\ti-cgt-c2000_16.9.0.LTS\lib\</path>
         <kind>archive</kind>
         <file>rts2800_ml.lib</file>
         <name>fs_add28.obj</name>
      </input_file>
      <input_file id="fl-3b">
         <path>C:\ti\ti-cgt-c2000_16.9.0.LTS\lib\</path>
         <kind>archive</kind>
         <file>rts2800_ml.lib</file>
         <name>fs_cmp28.obj</name>
      </input_file>
      <input_file id="fl-3c">
         <path>C:\ti\ti-cgt-c2000_16.9.0.LTS\lib\</path>
         <kind>archive</kind>
         <file>rts2800_ml.lib</file>
         <name>fs_div28.obj</name>
      </input_file>
      <input_file id="fl-3d">
         <path>C:\ti\ti-cgt-c2000_16.9.0.LTS\lib\</path>
         <kind>archive</kind>
         <file>rts2800_ml.lib</file>
         <name>fs_mpy28.obj</name>
      </input_file>
      <input_file id="fl-3e">
         <path>C:\ti\ti-cgt-c2000_16.9.0.LTS\lib\</path>
         <kind>archive</kind>
         <file>rts2800_ml.lib</file>
         <name>fs_neg28.obj</name>
      </input_file>
      <input_file id="fl-3f">
         <path>C:\ti\ti-cgt-c2000_16.9.0.LTS\lib\</path>
         <kind>archive</kind>
         <file>rts2800_ml.lib</file>
         <name>fs_tofd28.obj</name>
      </input_file>
      <input_file id="fl-40">
         <path>C:\ti\ti-cgt-c2000_16.9.0.LTS\lib\</path>
         <kind>archive</kind>
         <file>rts2800_ml.lib</file>
         <name>fs_tol28.obj</name>
      </input_file>
      <input_file id="fl-41">
         <path>C:\ti\ti-cgt-c2000_16.9.0.LTS\lib\</path>
         <kind>archive</kind>
         <file>rts2800_ml.lib</file>
         <name>fs_tou28.obj</name>
      </input_file>
      <input_file id="fl-42">
         <path>C:\ti\ti-cgt-c2000_16.9.0.LTS\lib\</path>
         <kind>archive</kind>
         <file>rts2800_ml.lib</file>
         <name>l_div28.obj</name>
      </input_file>
      <input_file id="fl-43">
         <path>C:\ti\ti-cgt-c2000_16.9.0.LTS\lib\</path>
         <kind>archive</kind>
         <file>rts2800_ml.lib</file>
         <name>l_tofs28.obj</name>
      </input_file>
      <input_file id="fl-44">
         <path>C:\ti\ti-cgt-c2000_16.9.0.LTS\lib\</path>
         <kind>archive</kind>
         <file>rts2800_ml.lib</file>
         <name>memcpy.obj</name>
      </input_file>
      <input_file id="fl-45">
         <path>C:\ti\ti-cgt-c2000_16.9.0.LTS\lib\</path>
         <kind>archive</kind>
         <file>rts2800_ml.lib</file>
         <name>pre_init.obj</name>
      </input_file>
      <input_file id="fl-46">
         <path>C:\ti\ti-cgt-c2000_16.9.0.LTS\lib\</path>
         <kind>archive</kind>
         <file>rts2800_ml.lib</file>
         <name>startup.obj</name>
      </input_file>
      <input_file id="fl-47">
         <path>C:\ti\ti-cgt-c2000_16.9.0.LTS\lib\</path>
         <kind>archive</kind>
         <file>rts2800_ml.lib</file>
         <name>_lock.obj</name>
      </input_file>
      <input_file id="fl-48">
         <path>C:\ti\ti-cgt-c2000_16.9.0.LTS\lib\</path>
         <kind>archive</kind>
         <file>rts2800_ml.lib</file>
         <name>args_main.obj</name>
      </input_file>
      <input_file id="fl-49">
         <path>..\DSP2803x_common\lib\</path>
         <kind>archive</kind>
         <file>IQmath.lib</file>
         <name>IQ24cos.obj</name>
      </input_file>
      <input_file id="fl-4a">
         <path>..\DSP2803x_common\lib\</path>
         <kind>archive</kind>
         <file>IQmath.lib</file>
         <name>IQ24sin.obj</name>
      </input_file>
   </input_file_list>
   <object_component_list>
      <object_component id="oc-bb">
         <name>PieVectTableFile</name>
         <uninitialized>true</uninitialized>
         <run_address>0xd00</run_address>
         <size>0x100</size>
         <input_file_ref idref="fl-d"/>
      </object_component>
      <object_component id="oc-8f">
         <name>EmuKeyVar</name>
         <uninitialized>true</uninitialized>
         <run_address>0xd00</run_address>
         <size>0x1</size>
         <input_file_ref idref="fl-d"/>
      </object_component>
      <object_component id="oc-91">
         <name>EmuBModeVar</name>
         <uninitialized>true</uninitialized>
         <run_address>0xd01</run_address>
         <size>0x1</size>
         <input_file_ref idref="fl-d"/>
      </object_component>
      <object_component id="oc-93">
         <name>FlashCallbackVar</name>
         <uninitialized>true</uninitialized>
         <run_address>0xd02</run_address>
         <size>0x2</size>
         <input_file_ref idref="fl-d"/>
      </object_component>
      <object_component id="oc-92">
         <name>FlashScalingVar</name>
         <uninitialized>true</uninitialized>
         <run_address>0xd04</run_address>
         <size>0x2</size>
         <input_file_ref idref="fl-d"/>
      </object_component>
      <object_component id="oc-95">
         <name>DevEmuRegsFile</name>
         <uninitialized>true</uninitialized>
         <run_address>0x880</run_address>
         <size>0x4</size>
         <input_file_ref idref="fl-d"/>
      </object_component>
      <object_component id="oc-94">
         <name>SysPwrCtrlRegsFile</name>
         <uninitialized>true</uninitialized>
         <run_address>0x985</run_address>
         <size>0x3</size>
         <input_file_ref idref="fl-d"/>
      </object_component>
      <object_component id="oc-96">
         <name>FlashRegsFile</name>
         <uninitialized>true</uninitialized>
         <run_address>0xa80</run_address>
         <size>0x8</size>
         <input_file_ref idref="fl-d"/>
      </object_component>
      <object_component id="oc-a1">
         <name>CsmRegsFile</name>
         <uninitialized>true</uninitialized>
         <run_address>0xae0</run_address>
         <size>0x10</size>
         <input_file_ref idref="fl-d"/>
      </object_component>
      <object_component id="oc-a9">
         <name>AdcResultFile</name>
         <uninitialized>true</uninitialized>
         <run_address>0xb00</run_address>
         <size>0x20</size>
         <input_file_ref idref="fl-d"/>
      </object_component>
      <object_component id="oc-98">
         <name>CpuTimer0RegsFile</name>
         <uninitialized>true</uninitialized>
         <run_address>0xc00</run_address>
         <size>0x8</size>
         <input_file_ref idref="fl-d"/>
      </object_component>
      <object_component id="oc-99">
         <name>CpuTimer1RegsFile</name>
         <uninitialized>true</uninitialized>
         <run_address>0xc08</run_address>
         <size>0x8</size>
         <input_file_ref idref="fl-d"/>
      </object_component>
      <object_component id="oc-9a">
         <name>CpuTimer2RegsFile</name>
         <uninitialized>true</uninitialized>
         <run_address>0xc10</run_address>
         <size>0x8</size>
         <input_file_ref idref="fl-d"/>
      </object_component>
      <object_component id="oc-a5">
         <name>PieCtrlRegsFile</name>
         <uninitialized>true</uninitialized>
         <run_address>0xce0</run_address>
         <size>0x1a</size>
         <input_file_ref idref="fl-d"/>
      </object_component>
      <object_component id="oc-b4">
         <name>Cla1RegsFile</name>
         <uninitialized>true</uninitialized>
         <run_address>0x1400</run_address>
         <size>0x40</size>
         <input_file_ref idref="fl-d"/>
      </object_component>
      <object_component id="oc-ab">
         <name>ECanaRegsFile</name>
         <uninitialized>true</uninitialized>
         <run_address>0x6000</run_address>
         <size>0x34</size>
         <input_file_ref idref="fl-d"/>
      </object_component>
      <object_component id="oc-b5">
         <name>ECanaLAMRegsFile</name>
         <uninitialized>true</uninitialized>
         <run_address>0x6040</run_address>
         <size>0x40</size>
         <input_file_ref idref="fl-d"/>
      </object_component>
      <object_component id="oc-bc">
         <name>ECanaMboxesFile</name>
         <uninitialized>true</uninitialized>
         <run_address>0x6100</run_address>
         <size>0x100</size>
         <input_file_ref idref="fl-d"/>
      </object_component>
      <object_component id="oc-b6">
         <name>ECanaMOTSRegsFile</name>
         <uninitialized>true</uninitialized>
         <run_address>0x6080</run_address>
         <size>0x40</size>
         <input_file_ref idref="fl-d"/>
      </object_component>
      <object_component id="oc-b3">
         <name>ECanaMOTORegsFile</name>
         <uninitialized>true</uninitialized>
         <run_address>0x60c0</run_address>
         <size>0x40</size>
         <input_file_ref idref="fl-d"/>
      </object_component>
      <object_component id="oc-a6">
         <name>ECap1RegsFile</name>
         <uninitialized>true</uninitialized>
         <run_address>0x6a00</run_address>
         <size>0x20</size>
         <input_file_ref idref="fl-d"/>
      </object_component>
      <object_component id="oc-b7">
         <name>EQep1RegsFile</name>
         <uninitialized>true</uninitialized>
         <run_address>0x6b00</run_address>
         <size>0x40</size>
         <input_file_ref idref="fl-d"/>
      </object_component>
      <object_component id="oc-b9">
         <name>LinaRegsFile</name>
         <uninitialized>true</uninitialized>
         <run_address>0x6c00</run_address>
         <size>0x4a</size>
         <input_file_ref idref="fl-d"/>
      </object_component>
      <object_component id="oc-b8">
         <name>GpioCtrlRegsFile</name>
         <uninitialized>true</uninitialized>
         <run_address>0x6f80</run_address>
         <size>0x40</size>
         <input_file_ref idref="fl-d"/>
      </object_component>
      <object_component id="oc-a8">
         <name>GpioDataRegsFile</name>
         <uninitialized>true</uninitialized>
         <run_address>0x6fc0</run_address>
         <size>0x20</size>
         <input_file_ref idref="fl-d"/>
      </object_component>
      <object_component id="oc-9b">
         <name>GpioIntRegsFile</name>
         <uninitialized>true</uninitialized>
         <run_address>0x6fe0</run_address>
         <size>0xc</size>
         <input_file_ref idref="fl-d"/>
      </object_component>
      <object_component id="oc-a7">
         <name>SysCtrlRegsFile</name>
         <uninitialized>true</uninitialized>
         <run_address>0x7010</run_address>
         <size>0x20</size>
         <input_file_ref idref="fl-d"/>
      </object_component>
      <object_component id="oc-9c">
         <name>SpiaRegsFile</name>
         <uninitialized>true</uninitialized>
         <run_address>0x7040</run_address>
         <size>0x10</size>
         <input_file_ref idref="fl-d"/>
      </object_component>
      <object_component id="oc-9e">
         <name>SpibRegsFile</name>
         <uninitialized>true</uninitialized>
         <run_address>0x7740</run_address>
         <size>0x10</size>
         <input_file_ref idref="fl-d"/>
      </object_component>
      <object_component id="oc-9d">
         <name>SciaRegsFile</name>
         <uninitialized>true</uninitialized>
         <run_address>0x7050</run_address>
         <size>0x10</size>
         <input_file_ref idref="fl-d"/>
      </object_component>
      <object_component id="oc-9f">
         <name>NmiIntruptRegsFile</name>
         <uninitialized>true</uninitialized>
         <run_address>0x7060</run_address>
         <size>0x10</size>
         <input_file_ref idref="fl-d"/>
      </object_component>
      <object_component id="oc-a0">
         <name>XIntruptRegsFile</name>
         <uninitialized>true</uninitialized>
         <run_address>0x7070</run_address>
         <size>0x10</size>
         <input_file_ref idref="fl-d"/>
      </object_component>
      <object_component id="oc-ba">
         <name>AdcRegsFile</name>
         <uninitialized>true</uninitialized>
         <run_address>0x7100</run_address>
         <size>0x50</size>
         <input_file_ref idref="fl-d"/>
      </object_component>
      <object_component id="oc-aa">
         <name>I2caRegsFile</name>
         <uninitialized>true</uninitialized>
         <run_address>0x7900</run_address>
         <size>0x22</size>
         <input_file_ref idref="fl-d"/>
      </object_component>
      <object_component id="oc-a2">
         <name>Comp1RegsFile</name>
         <uninitialized>true</uninitialized>
         <run_address>0x6400</run_address>
         <size>0x11</size>
         <input_file_ref idref="fl-d"/>
      </object_component>
      <object_component id="oc-a3">
         <name>Comp2RegsFile</name>
         <uninitialized>true</uninitialized>
         <run_address>0x6420</run_address>
         <size>0x11</size>
         <input_file_ref idref="fl-d"/>
      </object_component>
      <object_component id="oc-a4">
         <name>Comp3RegsFile</name>
         <uninitialized>true</uninitialized>
         <run_address>0x6440</run_address>
         <size>0x11</size>
         <input_file_ref idref="fl-d"/>
      </object_component>
      <object_component id="oc-b0">
         <name>EPwm1RegsFile</name>
         <uninitialized>true</uninitialized>
         <run_address>0x6800</run_address>
         <size>0x3a</size>
         <input_file_ref idref="fl-d"/>
      </object_component>
      <object_component id="oc-ae">
         <name>EPwm2RegsFile</name>
         <uninitialized>true</uninitialized>
         <run_address>0x6840</run_address>
         <size>0x3a</size>
         <input_file_ref idref="fl-d"/>
      </object_component>
      <object_component id="oc-af">
         <name>EPwm3RegsFile</name>
         <uninitialized>true</uninitialized>
         <run_address>0x6880</run_address>
         <size>0x3a</size>
         <input_file_ref idref="fl-d"/>
      </object_component>
      <object_component id="oc-ac">
         <name>EPwm4RegsFile</name>
         <uninitialized>true</uninitialized>
         <run_address>0x68c0</run_address>
         <size>0x3a</size>
         <input_file_ref idref="fl-d"/>
      </object_component>
      <object_component id="oc-ad">
         <name>EPwm5RegsFile</name>
         <uninitialized>true</uninitialized>
         <run_address>0x6900</run_address>
         <size>0x3a</size>
         <input_file_ref idref="fl-d"/>
      </object_component>
      <object_component id="oc-b1">
         <name>EPwm6RegsFile</name>
         <uninitialized>true</uninitialized>
         <run_address>0x6940</run_address>
         <size>0x3a</size>
         <input_file_ref idref="fl-d"/>
      </object_component>
      <object_component id="oc-b2">
         <name>EPwm7RegsFile</name>
         <uninitialized>true</uninitialized>
         <run_address>0x6980</run_address>
         <size>0x3a</size>
         <input_file_ref idref="fl-d"/>
      </object_component>
      <object_component id="oc-97">
         <name>CsmPwlFile</name>
         <uninitialized>true</uninitialized>
         <run_address>0x3f7ff8</run_address>
         <size>0x8</size>
         <input_file_ref idref="fl-d"/>
      </object_component>
      <object_component id="oc-90">
         <name>PartIdRegsFile</name>
         <uninitialized>true</uninitialized>
         <run_address>0x3d7e80</run_address>
         <size>0x1</size>
         <input_file_ref idref="fl-d"/>
      </object_component>
      <object_component id="oc-81">
         <name>.cinit</name>
         <load_address>0x3f6000</load_address>
         <run_address>0x3f6000</run_address>
         <size>0x190</size>
         <input_file_ref idref="fl-b"/>
      </object_component>
      <object_component id="oc-73">
         <name>.cinit</name>
         <load_address>0x3f6190</load_address>
         <run_address>0x3f6190</run_address>
         <size>0x4a</size>
         <input_file_ref idref="fl-9"/>
      </object_component>
      <object_component id="oc-4c">
         <name>.cinit</name>
         <load_address>0x3f61da</load_address>
         <run_address>0x3f61da</run_address>
         <size>0x20</size>
         <input_file_ref idref="fl-3"/>
      </object_component>
      <object_component id="oc-6c">
         <name>.cinit</name>
         <load_address>0x3f61fa</load_address>
         <run_address>0x3f61fa</run_address>
         <size>0x17</size>
         <input_file_ref idref="fl-8"/>
      </object_component>
      <object_component id="oc-135">
         <name>.cinit</name>
         <load_address>0x3f6211</load_address>
         <run_address>0x3f6211</run_address>
         <size>0xe</size>
         <input_file_ref idref="fl-37"/>
      </object_component>
      <object_component id="oc-19f">
         <name>.cinit:__lock</name>
         <load_address>0x3f621f</load_address>
         <run_address>0x3f621f</run_address>
         <size>0x5</size>
         <input_file_ref idref="fl-47"/>
      </object_component>
      <object_component id="oc-1b0">
         <name>.cinit:__unlock</name>
         <load_address>0x3f6224</load_address>
         <run_address>0x3f6224</run_address>
         <size>0x5</size>
         <input_file_ref idref="fl-47"/>
      </object_component>
      <object_component id="oc-60">
         <name>.cinit</name>
         <load_address>0x3f6229</load_address>
         <run_address>0x3f6229</run_address>
         <size>0x5</size>
         <input_file_ref idref="fl-6"/>
      </object_component>
      <object_component id="oc-131">
         <name>.cinit</name>
         <load_address>0x3f622e</load_address>
         <run_address>0x3f622e</run_address>
         <size>0x4</size>
         <input_file_ref idref="fl-36"/>
      </object_component>
      <object_component id="oc-1b1">
         <name>.text</name>
         <load_address>0x3eb000</load_address>
         <run_address>0x3eb000</run_address>
         <size>0x46d</size>
         <input_file_ref idref="fl-31"/>
      </object_component>
      <object_component id="oc-19d">
         <name>.text</name>
         <load_address>0x3eb46d</load_address>
         <run_address>0x3eb46d</run_address>
         <size>0x433</size>
         <input_file_ref idref="fl-b"/>
      </object_component>
      <object_component id="oc-199">
         <name>.text</name>
         <load_address>0x3eb8a0</load_address>
         <run_address>0x3eb8a0</run_address>
         <size>0x333</size>
         <input_file_ref idref="fl-8"/>
      </object_component>
      <object_component id="oc-19b">
         <name>.text</name>
         <load_address>0x3ebbd3</load_address>
         <run_address>0x3ebbd3</run_address>
         <size>0x213</size>
         <input_file_ref idref="fl-7"/>
      </object_component>
      <object_component id="oc-1a5">
         <name>.text</name>
         <load_address>0x3ebde6</load_address>
         <run_address>0x3ebde6</run_address>
         <size>0x205</size>
         <input_file_ref idref="fl-e"/>
      </object_component>
      <object_component id="oc-1a0">
         <name>.text</name>
         <load_address>0x3ebfeb</load_address>
         <run_address>0x3ebfeb</run_address>
         <size>0x1e8</size>
         <input_file_ref idref="fl-3"/>
      </object_component>
      <object_component id="oc-d7">
         <name>.text:retain</name>
         <load_address>0x3ec1d3</load_address>
         <run_address>0x3ec1d3</run_address>
         <size>0x16d</size>
         <input_file_ref idref="fl-13"/>
      </object_component>
      <object_component id="oc-1a6">
         <name>.text</name>
         <load_address>0x3ec340</load_address>
         <run_address>0x3ec340</run_address>
         <size>0x160</size>
         <input_file_ref idref="fl-6"/>
      </object_component>
      <object_component id="oc-1a9">
         <name>.text</name>
         <load_address>0x3ec4a0</load_address>
         <run_address>0x3ec4a0</run_address>
         <size>0x14f</size>
         <input_file_ref idref="fl-34"/>
      </object_component>
      <object_component id="oc-1a3">
         <name>.text</name>
         <load_address>0x3ec5ef</load_address>
         <run_address>0x3ec5ef</run_address>
         <size>0x13c</size>
         <input_file_ref idref="fl-1c"/>
      </object_component>
      <object_component id="oc-1b5">
         <name>.text</name>
         <load_address>0x3ec72b</load_address>
         <run_address>0x3ec72b</run_address>
         <size>0xb6</size>
         <input_file_ref idref="fl-15"/>
      </object_component>
      <object_component id="oc-83">
         <name>.text:retain</name>
         <load_address>0x3ec7e1</load_address>
         <run_address>0x3ec7e1</run_address>
         <size>0xb5</size>
         <input_file_ref idref="fl-b"/>
      </object_component>
      <object_component id="oc-1ae">
         <name>.text</name>
         <load_address>0x3ec896</load_address>
         <run_address>0x3ec896</run_address>
         <size>0x8e</size>
         <input_file_ref idref="fl-5"/>
      </object_component>
      <object_component id="oc-13b">
         <name>.text</name>
         <load_address>0x3ec924</load_address>
         <run_address>0x3ec924</run_address>
         <size>0x83</size>
         <input_file_ref idref="fl-38"/>
      </object_component>
      <object_component id="oc-14f">
         <name>.text</name>
         <load_address>0x3ec9a7</load_address>
         <run_address>0x3ec9a7</run_address>
         <size>0x83</size>
         <input_file_ref idref="fl-3c"/>
      </object_component>
      <object_component id="oc-145">
         <name>.text</name>
         <load_address>0x3eca2a</load_address>
         <run_address>0x3eca2a</run_address>
         <size>0x78</size>
         <input_file_ref idref="fl-3a"/>
      </object_component>
      <object_component id="oc-1aa">
         <name>.text</name>
         <load_address>0x3ecaa2</load_address>
         <run_address>0x3ecaa2</run_address>
         <size>0x73</size>
         <input_file_ref idref="fl-35"/>
      </object_component>
      <object_component id="oc-1ad">
         <name>.text</name>
         <load_address>0x3ecb15</load_address>
         <run_address>0x3ecb15</run_address>
         <size>0x72</size>
         <input_file_ref idref="fl-11"/>
      </object_component>
      <object_component id="oc-19a">
         <name>.text</name>
         <load_address>0x3ecb87</load_address>
         <run_address>0x3ecb87</run_address>
         <size>0x6d</size>
         <input_file_ref idref="fl-c"/>
      </object_component>
      <object_component id="oc-1b2">
         <name>.text</name>
         <load_address>0x3ecbf4</load_address>
         <run_address>0x3ecbf4</run_address>
         <size>0x5f</size>
         <input_file_ref idref="fl-a"/>
      </object_component>
      <object_component id="oc-154">
         <name>.text</name>
         <load_address>0x3ecc53</load_address>
         <run_address>0x3ecc53</run_address>
         <size>0x5a</size>
         <input_file_ref idref="fl-3d"/>
      </object_component>
      <object_component id="oc-44">
         <name>.text</name>
         <load_address>0x3eccad</load_address>
         <run_address>0x3eccad</run_address>
         <size>0x54</size>
         <input_file_ref idref="fl-32"/>
      </object_component>
      <object_component id="oc-16d">
         <name>.text</name>
         <load_address>0x3ecd01</load_address>
         <run_address>0x3ecd01</run_address>
         <size>0x2a</size>
         <input_file_ref idref="fl-42"/>
      </object_component>
      <object_component id="oc-196">
         <name>.text</name>
         <load_address>0x3ecd2b</load_address>
         <run_address>0x3ecd2b</run_address>
         <size>0x29</size>
         <input_file_ref idref="fl-37"/>
      </object_component>
      <object_component id="oc-163">
         <name>.text</name>
         <load_address>0x3ecd54</load_address>
         <run_address>0x3ecd54</run_address>
         <size>0x29</size>
         <input_file_ref idref="fl-40"/>
      </object_component>
      <object_component id="oc-1ab">
         <name>.text</name>
         <load_address>0x3ecd7d</load_address>
         <run_address>0x3ecd7d</run_address>
         <size>0x28</size>
         <input_file_ref idref="fl-19"/>
      </object_component>
      <object_component id="oc-1ac">
         <name>.text</name>
         <load_address>0x3ecda5</load_address>
         <run_address>0x3ecda5</run_address>
         <size>0x26</size>
         <input_file_ref idref="fl-1a"/>
      </object_component>
      <object_component id="oc-193">
         <name>.text</name>
         <load_address>0x3ecdcb</load_address>
         <run_address>0x3ecdcb</run_address>
         <size>0x24</size>
         <input_file_ref idref="fl-33"/>
      </object_component>
      <object_component id="oc-140">
         <name>.text</name>
         <load_address>0x3ecdef</load_address>
         <run_address>0x3ecdef</run_address>
         <size>0x1f</size>
         <input_file_ref idref="fl-39"/>
      </object_component>
      <object_component id="oc-168">
         <name>.text</name>
         <load_address>0x3ece0e</load_address>
         <run_address>0x3ece0e</run_address>
         <size>0x1d</size>
         <input_file_ref idref="fl-41"/>
      </object_component>
      <object_component id="oc-19c">
         <name>.text</name>
         <load_address>0x3ece2b</load_address>
         <run_address>0x3ece2b</run_address>
         <size>0x1d</size>
         <input_file_ref idref="fl-44"/>
      </object_component>
      <object_component id="oc-15e">
         <name>.text</name>
         <load_address>0x3ece48</load_address>
         <run_address>0x3ece48</run_address>
         <size>0x1c</size>
         <input_file_ref idref="fl-3f"/>
      </object_component>
      <object_component id="oc-1ba">
         <name>.text</name>
         <load_address>0x3ece64</load_address>
         <run_address>0x3ece64</run_address>
         <size>0x1a</size>
         <input_file_ref idref="fl-1b"/>
      </object_component>
      <object_component id="oc-172">
         <name>.text</name>
         <load_address>0x3ece7e</load_address>
         <run_address>0x3ece7e</run_address>
         <size>0x1a</size>
         <input_file_ref idref="fl-43"/>
      </object_component>
      <object_component id="oc-195">
         <name>.text</name>
         <load_address>0x3ece98</load_address>
         <run_address>0x3ece98</run_address>
         <size>0x19</size>
         <input_file_ref idref="fl-48"/>
      </object_component>
      <object_component id="oc-14a">
         <name>.text</name>
         <load_address>0x3eceb1</load_address>
         <run_address>0x3eceb1</run_address>
         <size>0x17</size>
         <input_file_ref idref="fl-3b"/>
      </object_component>
      <object_component id="oc-1a4">
         <name>.text</name>
         <load_address>0x3ecec8</load_address>
         <run_address>0x3ecec8</run_address>
         <size>0x15</size>
         <input_file_ref idref="fl-16"/>
      </object_component>
      <object_component id="oc-1a7">
         <name>.text</name>
         <load_address>0x3ecedd</load_address>
         <run_address>0x3ecedd</run_address>
         <size>0x13</size>
         <input_file_ref idref="fl-17"/>
      </object_component>
      <object_component id="oc-1af">
         <name>.text</name>
         <load_address>0x3ecef0</load_address>
         <run_address>0x3ecef0</run_address>
         <size>0x9</size>
         <input_file_ref idref="fl-47"/>
      </object_component>
      <object_component id="oc-c5">
         <name>.text</name>
         <load_address>0x3ecef9</load_address>
         <run_address>0x3ecef9</run_address>
         <size>0x8</size>
         <input_file_ref idref="fl-10"/>
      </object_component>
      <object_component id="oc-dc">
         <name>.text</name>
         <load_address>0x3ecf01</load_address>
         <run_address>0x3ecf01</run_address>
         <size>0x7</size>
         <input_file_ref idref="fl-14"/>
      </object_component>
      <object_component id="oc-159">
         <name>.text</name>
         <load_address>0x3ecf08</load_address>
         <run_address>0x3ecf08</run_address>
         <size>0x5</size>
         <input_file_ref idref="fl-3e"/>
      </object_component>
      <object_component id="oc-198">
         <name>.text</name>
         <load_address>0x3ecf0d</load_address>
         <run_address>0x3ecf0d</run_address>
         <size>0x4</size>
         <input_file_ref idref="fl-9"/>
      </object_component>
      <object_component id="oc-d1">
         <name>.text</name>
         <load_address>0x3ecf11</load_address>
         <run_address>0x3ecf11</run_address>
         <size>0x3</size>
         <input_file_ref idref="fl-12"/>
      </object_component>
      <object_component id="oc-192">
         <name>.text</name>
         <load_address>0x3ecf14</load_address>
         <run_address>0x3ecf14</run_address>
         <size>0x2</size>
         <input_file_ref idref="fl-45"/>
      </object_component>
      <object_component id="oc-194">
         <name>.text</name>
         <load_address>0x3ecf16</load_address>
         <run_address>0x3ecf16</run_address>
         <size>0x1</size>
         <input_file_ref idref="fl-46"/>
      </object_component>
      <object_component id="oc-c6">
         <name>codestart</name>
         <load_address>0x3f7ff6</load_address>
         <run_address>0x3f7ff6</run_address>
         <size>0x2</size>
         <input_file_ref idref="fl-10"/>
      </object_component>
      <object_component id="oc-75">
         <name>ramfuncs:retain</name>
         <load_address>0x3f0000</load_address>
         <run_address>0x8000</run_address>
         <size>0x5fd</size>
         <input_file_ref idref="fl-9"/>
      </object_component>
      <object_component id="oc-1b3">
         <name>ramfuncs</name>
         <load_address>0x3f05fd</load_address>
         <run_address>0x85fd</run_address>
         <size>0x279</size>
         <input_file_ref idref="fl-5"/>
      </object_component>
      <object_component id="oc-197">
         <name>ramfuncs</name>
         <load_address>0x3f0876</load_address>
         <run_address>0x8876</run_address>
         <size>0x19f</size>
         <input_file_ref idref="fl-3"/>
      </object_component>
      <object_component id="oc-5a">
         <name>ramfuncs:retain</name>
         <load_address>0x3f0a15</load_address>
         <run_address>0x8a15</run_address>
         <size>0xa3</size>
         <input_file_ref idref="fl-5"/>
      </object_component>
      <object_component id="oc-1a8">
         <name>ramfuncs</name>
         <load_address>0x3f0ab8</load_address>
         <run_address>0x8ab8</run_address>
         <size>0x1b</size>
         <input_file_ref idref="fl-1c"/>
      </object_component>
      <object_component id="oc-109">
         <name>ramfuncs</name>
         <load_address>0x3f0ad3</load_address>
         <run_address>0x8ad3</run_address>
         <size>0x4</size>
         <input_file_ref idref="fl-1d"/>
      </object_component>
      <object_component id="oc-c3">
         <name>csmpasswds</name>
         <load_address>0x3f7ff8</load_address>
         <run_address>0x3f7ff8</run_address>
         <size>0x8</size>
         <input_file_ref idref="fl-f"/>
      </object_component>
      <object_component id="oc-c4">
         <name>csm_rsvd</name>
         <load_address>0x3f7f80</load_address>
         <run_address>0x3f7f80</run_address>
         <size>0x76</size>
         <input_file_ref idref="fl-f"/>
      </object_component>
      <object_component id="oc-119">
         <name>.stack</name>
         <uninitialized>true</uninitialized>
         <run_address>0x50</run_address>
         <size>0x0</size>
         <input_file_ref idref="fl-32"/>
      </object_component>
      <object_component id="oc-208">
         <name>.stack</name>
         <uninitialized>true</uninitialized>
         <run_address>0x50</run_address>
         <size>0x0</size>
      </object_component>
      <object_component id="oc-46">
         <name>.ebss</name>
         <uninitialized>true</uninitialized>
         <run_address>0x8dae</run_address>
         <size>0xa</size>
         <input_file_ref idref="fl-2"/>
      </object_component>
      <object_component id="oc-4d">
         <name>.ebss</name>
         <uninitialized>true</uninitialized>
         <run_address>0x8fc0</run_address>
         <size>0x5e</size>
         <input_file_ref idref="fl-3"/>
      </object_component>
      <object_component id="oc-53">
         <name>.ebss</name>
         <uninitialized>true</uninitialized>
         <run_address>0x9040</run_address>
         <size>0x4c</size>
         <input_file_ref idref="fl-4"/>
      </object_component>
      <object_component id="oc-59">
         <name>.ebss</name>
         <uninitialized>true</uninitialized>
         <run_address>0x8dc0</run_address>
         <size>0x104</size>
         <input_file_ref idref="fl-5"/>
      </object_component>
      <object_component id="oc-61">
         <name>.ebss</name>
         <uninitialized>true</uninitialized>
         <run_address>0x8ef8</run_address>
         <size>0x2</size>
         <input_file_ref idref="fl-6"/>
      </object_component>
      <object_component id="oc-6d">
         <name>.ebss</name>
         <uninitialized>true</uninitialized>
         <run_address>0x8ec4</run_address>
         <size>0x32</size>
         <input_file_ref idref="fl-8"/>
      </object_component>
      <object_component id="oc-74">
         <name>.ebss</name>
         <uninitialized>true</uninitialized>
         <run_address>0x901e</run_address>
         <size>0x1a</size>
         <input_file_ref idref="fl-9"/>
      </object_component>
      <object_component id="oc-7b">
         <name>.ebss</name>
         <uninitialized>true</uninitialized>
         <run_address>0x8efa</run_address>
         <size>0x2</size>
         <input_file_ref idref="fl-a"/>
      </object_component>
      <object_component id="oc-82">
         <name>.ebss</name>
         <uninitialized>true</uninitialized>
         <run_address>0x8c00</run_address>
         <size>0x1ae</size>
         <input_file_ref idref="fl-b"/>
      </object_component>
      <object_component id="oc-cc">
         <name>.ebss</name>
         <uninitialized>true</uninitialized>
         <run_address>0x908c</run_address>
         <size>0x18</size>
         <input_file_ref idref="fl-11"/>
      </object_component>
      <object_component id="oc-114">
         <name>.ebss</name>
         <uninitialized>true</uninitialized>
         <run_address>0x8f00</run_address>
         <size>0xb6</size>
         <input_file_ref idref="fl-31"/>
      </object_component>
      <object_component id="oc-132">
         <name>.ebss</name>
         <uninitialized>true</uninitialized>
         <run_address>0x8efc</run_address>
         <size>0x1</size>
         <input_file_ref idref="fl-36"/>
      </object_component>
      <object_component id="oc-136">
         <name>.ebss</name>
         <uninitialized>true</uninitialized>
         <run_address>0x8db8</run_address>
         <size>0x6</size>
         <input_file_ref idref="fl-37"/>
      </object_component>
      <object_component id="oc-1bb">
         <name>.ebss:__unlock</name>
         <uninitialized>true</uninitialized>
         <run_address>0x8ef6</run_address>
         <size>0x2</size>
         <input_file_ref idref="fl-47"/>
      </object_component>
      <object_component id="oc-19e">
         <name>.ebss:__lock</name>
         <uninitialized>true</uninitialized>
         <run_address>0x8dbe</run_address>
         <size>0x2</size>
         <input_file_ref idref="fl-47"/>
      </object_component>
      <object_component id="oc-1b9">
         <name>.econst:_PieVectTableInit</name>
         <load_address>0x3f2000</load_address>
         <run_address>0x3f2000</run_address>
         <size>0x100</size>
         <input_file_ref idref="fl-1a"/>
      </object_component>
      <object_component id="oc-1a2">
         <name>.econst:_$P$T1$16</name>
         <load_address>0x3f2100</load_address>
         <run_address>0x3f2100</run_address>
         <size>0x15</size>
         <input_file_ref idref="fl-8"/>
      </object_component>
      <object_component id="oc-1a1">
         <name>.econst:_$P$T0$15</name>
         <load_address>0x3f2116</load_address>
         <run_address>0x3f2116</run_address>
         <size>0x10</size>
         <input_file_ref idref="fl-8"/>
      </object_component>
      <object_component id="oc-125">
         <name>.econst</name>
         <load_address>0x3f2126</load_address>
         <run_address>0x3f2126</run_address>
         <size>0x10</size>
         <input_file_ref idref="fl-34"/>
      </object_component>
      <object_component id="oc-1b4">
         <name>.econst:.string:_SW_Versions</name>
         <load_address>0x3f2136</load_address>
         <run_address>0x3f2136</run_address>
         <size>0xd</size>
         <input_file_ref idref="fl-3"/>
      </object_component>
      <object_component id="oc-84">
         <name>.econst</name>
         <load_address>0x3f2144</load_address>
         <run_address>0x3f2144</run_address>
         <size>0x8</size>
         <input_file_ref idref="fl-b"/>
      </object_component>
      <object_component id="oc-1bc">
         <name>.econst:.string:_Sanqu_List</name>
         <load_address>0x3f214c</load_address>
         <run_address>0x3f214c</run_address>
         <size>0x7</size>
         <input_file_ref idref="fl-31"/>
      </object_component>
      <object_component id="oc-1b6">
         <name>.econst:_halF</name>
         <load_address>0x3f2154</load_address>
         <run_address>0x3f2154</run_address>
         <size>0x4</size>
         <input_file_ref idref="fl-34"/>
      </object_component>
      <object_component id="oc-1b7">
         <name>.econst:_ln2HI</name>
         <load_address>0x3f2158</load_address>
         <run_address>0x3f2158</run_address>
         <size>0x4</size>
         <input_file_ref idref="fl-34"/>
      </object_component>
      <object_component id="oc-1b8">
         <name>.econst:_ln2LO</name>
         <load_address>0x3f215c</load_address>
         <run_address>0x3f215c</run_address>
         <size>0x4</size>
         <input_file_ref idref="fl-34"/>
      </object_component>
      <object_component id="oc-12b">
         <name>.econst</name>
         <load_address>0x3f2160</load_address>
         <run_address>0x3f2160</run_address>
         <size>0x4</size>
         <input_file_ref idref="fl-35"/>
      </object_component>
      <object_component id="oc-10e">
         <name>IQmath</name>
         <load_address>0x3f0ad7</load_address>
         <run_address>0x3f0ad7</run_address>
         <size>0x88</size>
         <input_file_ref idref="fl-2c"/>
      </object_component>
      <object_component id="oc-110">
         <name>IQmath</name>
         <load_address>0x3f0b5f</load_address>
         <run_address>0x3f0b5f</run_address>
         <size>0x47</size>
         <input_file_ref idref="fl-2e"/>
      </object_component>
      <object_component id="oc-191">
         <name>IQmath</name>
         <load_address>0x3f0ba6</load_address>
         <run_address>0x3f0ba6</run_address>
         <size>0x31</size>
         <input_file_ref idref="fl-4a"/>
      </object_component>
      <object_component id="oc-190">
         <name>IQmath</name>
         <load_address>0x3f0bd7</load_address>
         <run_address>0x3f0bd7</run_address>
         <size>0x2f</size>
         <input_file_ref idref="fl-49"/>
      </object_component>
      <object_component id="oc-111">
         <name>IQmath</name>
         <load_address>0x3f0c06</load_address>
         <run_address>0x3f0c06</run_address>
         <size>0x29</size>
         <input_file_ref idref="fl-2f"/>
      </object_component>
      <object_component id="oc-10f">
         <name>IQmath</name>
         <load_address>0x3f0c2f</load_address>
         <run_address>0x3f0c2f</run_address>
         <size>0x27</size>
         <input_file_ref idref="fl-2d"/>
      </object_component>
      <object_component id="oc-112">
         <name>IQmathTables</name>
         <load_address>0x3fe000</load_address>
         <run_address>0x3fe000</run_address>
         <size>0xb50</size>
         <input_file_ref idref="fl-30"/>
      </object_component>
      <object_component id="oc-11a">
         <name>.reset</name>
         <load_address>0x3fffc0</load_address>
         <run_address>0x3fffc0</run_address>
         <size>0x2</size>
         <input_file_ref idref="fl-32"/>
      </object_component>
      <object_component id="oc-45">
         <name>.debug_info</name>
         <load_address>0x0</load_address>
         <run_address>0x0</run_address>
         <size>0x67d</size>
         <input_file_ref idref="fl-2"/>
      </object_component>
      <object_component id="oc-4b">
         <name>.debug_info</name>
         <load_address>0x67d</load_address>
         <run_address>0x67d</run_address>
         <size>0xbc48</size>
         <input_file_ref idref="fl-3"/>
      </object_component>
      <object_component id="oc-52">
         <name>.debug_info</name>
         <load_address>0xc2c5</load_address>
         <run_address>0xc2c5</run_address>
         <size>0x5bd9</size>
         <input_file_ref idref="fl-4"/>
      </object_component>
      <object_component id="oc-58">
         <name>.debug_info</name>
         <load_address>0x11e9e</load_address>
         <run_address>0x11e9e</run_address>
         <size>0x42a1</size>
         <input_file_ref idref="fl-5"/>
      </object_component>
      <object_component id="oc-5f">
         <name>.debug_info</name>
         <load_address>0x1613f</load_address>
         <run_address>0x1613f</run_address>
         <size>0x501a</size>
         <input_file_ref idref="fl-6"/>
      </object_component>
      <object_component id="oc-66">
         <name>.debug_info</name>
         <load_address>0x1b159</load_address>
         <run_address>0x1b159</run_address>
         <size>0x824</size>
         <input_file_ref idref="fl-7"/>
      </object_component>
      <object_component id="oc-6b">
         <name>.debug_info</name>
         <load_address>0x1b97d</load_address>
         <run_address>0x1b97d</run_address>
         <size>0x2f05</size>
         <input_file_ref idref="fl-8"/>
      </object_component>
      <object_component id="oc-72">
         <name>.debug_info</name>
         <load_address>0x1e882</load_address>
         <run_address>0x1e882</run_address>
         <size>0x6df3</size>
         <input_file_ref idref="fl-9"/>
      </object_component>
      <object_component id="oc-7a">
         <name>.debug_info</name>
         <load_address>0x25675</load_address>
         <run_address>0x25675</run_address>
         <size>0x1953</size>
         <input_file_ref idref="fl-a"/>
      </object_component>
      <object_component id="oc-80">
         <name>.debug_info</name>
         <load_address>0x26fc8</load_address>
         <run_address>0x26fc8</run_address>
         <size>0x8533</size>
         <input_file_ref idref="fl-b"/>
      </object_component>
      <object_component id="oc-89">
         <name>.debug_info</name>
         <load_address>0x2f4fb</load_address>
         <run_address>0x2f4fb</run_address>
         <size>0x460</size>
         <input_file_ref idref="fl-c"/>
      </object_component>
      <object_component id="oc-8e">
         <name>.debug_info</name>
         <load_address>0x2f95b</load_address>
         <run_address>0x2f95b</run_address>
         <size>0x1342e</size>
         <input_file_ref idref="fl-d"/>
      </object_component>
      <object_component id="oc-be">
         <name>.debug_info</name>
         <load_address>0x42d89</load_address>
         <run_address>0x42d89</run_address>
         <size>0x4184</size>
         <input_file_ref idref="fl-e"/>
      </object_component>
      <object_component id="oc-c7">
         <name>.debug_info</name>
         <load_address>0x46f0d</load_address>
         <run_address>0x46f0d</run_address>
         <size>0x153</size>
         <input_file_ref idref="fl-10"/>
      </object_component>
      <object_component id="oc-cb">
         <name>.debug_info</name>
         <load_address>0x47060</load_address>
         <run_address>0x47060</run_address>
         <size>0x951</size>
         <input_file_ref idref="fl-11"/>
      </object_component>
      <object_component id="oc-d2">
         <name>.debug_info</name>
         <load_address>0x479b1</load_address>
         <run_address>0x479b1</run_address>
         <size>0x103</size>
         <input_file_ref idref="fl-12"/>
      </object_component>
      <object_component id="oc-d6">
         <name>.debug_info</name>
         <load_address>0x47ab4</load_address>
         <run_address>0x47ab4</run_address>
         <size>0x2a71</size>
         <input_file_ref idref="fl-13"/>
      </object_component>
      <object_component id="oc-dd">
         <name>.debug_info</name>
         <load_address>0x4a525</load_address>
         <run_address>0x4a525</run_address>
         <size>0x109</size>
         <input_file_ref idref="fl-14"/>
      </object_component>
      <object_component id="oc-e1">
         <name>.debug_info</name>
         <load_address>0x4a62e</load_address>
         <run_address>0x4a62e</run_address>
         <size>0x1b16</size>
         <input_file_ref idref="fl-15"/>
      </object_component>
      <object_component id="oc-e6">
         <name>.debug_info</name>
         <load_address>0x4c144</load_address>
         <run_address>0x4c144</run_address>
         <size>0x1514</size>
         <input_file_ref idref="fl-16"/>
      </object_component>
      <object_component id="oc-eb">
         <name>.debug_info</name>
         <load_address>0x4d658</load_address>
         <run_address>0x4d658</run_address>
         <size>0x3e6</size>
         <input_file_ref idref="fl-17"/>
      </object_component>
      <object_component id="oc-f0">
         <name>.debug_info</name>
         <load_address>0x4da3e</load_address>
         <run_address>0x4da3e</run_address>
         <size>0x11d8</size>
         <input_file_ref idref="fl-18"/>
      </object_component>
      <object_component id="oc-f5">
         <name>.debug_info</name>
         <load_address>0x4ec16</load_address>
         <run_address>0x4ec16</run_address>
         <size>0xaf5</size>
         <input_file_ref idref="fl-19"/>
      </object_component>
      <object_component id="oc-fa">
         <name>.debug_info</name>
         <load_address>0x4f70b</load_address>
         <run_address>0x4f70b</run_address>
         <size>0x21bd</size>
         <input_file_ref idref="fl-1a"/>
      </object_component>
      <object_component id="oc-ff">
         <name>.debug_info</name>
         <load_address>0x518c8</load_address>
         <run_address>0x518c8</run_address>
         <size>0x162f</size>
         <input_file_ref idref="fl-1b"/>
      </object_component>
      <object_component id="oc-104">
         <name>.debug_info</name>
         <load_address>0x52ef7</load_address>
         <run_address>0x52ef7</run_address>
         <size>0x32ec</size>
         <input_file_ref idref="fl-1c"/>
      </object_component>
      <object_component id="oc-10a">
         <name>.debug_info</name>
         <load_address>0x561e3</load_address>
         <run_address>0x561e3</run_address>
         <size>0x105</size>
         <input_file_ref idref="fl-1d"/>
      </object_component>
      <object_component id="oc-113">
         <name>.debug_info</name>
         <load_address>0x562e8</load_address>
         <run_address>0x562e8</run_address>
         <size>0xf9a</size>
         <input_file_ref idref="fl-31"/>
      </object_component>
      <object_component id="oc-11b">
         <name>.debug_info</name>
         <load_address>0x57282</load_address>
         <run_address>0x57282</run_address>
         <size>0x16b</size>
         <input_file_ref idref="fl-32"/>
      </object_component>
      <object_component id="oc-11f">
         <name>.debug_info</name>
         <load_address>0x573ed</load_address>
         <run_address>0x573ed</run_address>
         <size>0x50f</size>
         <input_file_ref idref="fl-33"/>
      </object_component>
      <object_component id="oc-124">
         <name>.debug_info</name>
         <load_address>0x578fc</load_address>
         <run_address>0x578fc</run_address>
         <size>0x741</size>
         <input_file_ref idref="fl-34"/>
      </object_component>
      <object_component id="oc-12a">
         <name>.debug_info</name>
         <load_address>0x5803d</load_address>
         <run_address>0x5803d</run_address>
         <size>0x473</size>
         <input_file_ref idref="fl-35"/>
      </object_component>
      <object_component id="oc-130">
         <name>.debug_info</name>
         <load_address>0x584b0</load_address>
         <run_address>0x584b0</run_address>
         <size>0x1bb</size>
         <input_file_ref idref="fl-36"/>
      </object_component>
      <object_component id="oc-134">
         <name>.debug_info</name>
         <load_address>0x5866b</load_address>
         <run_address>0x5866b</run_address>
         <size>0x4f9</size>
         <input_file_ref idref="fl-37"/>
      </object_component>
      <object_component id="oc-13c">
         <name>.debug_info</name>
         <load_address>0x58b64</load_address>
         <run_address>0x58b64</run_address>
         <size>0x10c</size>
         <input_file_ref idref="fl-38"/>
      </object_component>
      <object_component id="oc-141">
         <name>.debug_info</name>
         <load_address>0x58c70</load_address>
         <run_address>0x58c70</run_address>
         <size>0x10c</size>
         <input_file_ref idref="fl-39"/>
      </object_component>
      <object_component id="oc-146">
         <name>.debug_info</name>
         <load_address>0x58d7c</load_address>
         <run_address>0x58d7c</run_address>
         <size>0x10c</size>
         <input_file_ref idref="fl-3a"/>
      </object_component>
      <object_component id="oc-14b">
         <name>.debug_info</name>
         <load_address>0x58e88</load_address>
         <run_address>0x58e88</run_address>
         <size>0x10c</size>
         <input_file_ref idref="fl-3b"/>
      </object_component>
      <object_component id="oc-150">
         <name>.debug_info</name>
         <load_address>0x58f94</load_address>
         <run_address>0x58f94</run_address>
         <size>0x10c</size>
         <input_file_ref idref="fl-3c"/>
      </object_component>
      <object_component id="oc-155">
         <name>.debug_info</name>
         <load_address>0x590a0</load_address>
         <run_address>0x590a0</run_address>
         <size>0x10c</size>
         <input_file_ref idref="fl-3d"/>
      </object_component>
      <object_component id="oc-15a">
         <name>.debug_info</name>
         <load_address>0x591ac</load_address>
         <run_address>0x591ac</run_address>
         <size>0x10c</size>
         <input_file_ref idref="fl-3e"/>
      </object_component>
      <object_component id="oc-15f">
         <name>.debug_info</name>
         <load_address>0x592b8</load_address>
         <run_address>0x592b8</run_address>
         <size>0x10f</size>
         <input_file_ref idref="fl-3f"/>
      </object_component>
      <object_component id="oc-164">
         <name>.debug_info</name>
         <load_address>0x593c7</load_address>
         <run_address>0x593c7</run_address>
         <size>0x118</size>
         <input_file_ref idref="fl-40"/>
      </object_component>
      <object_component id="oc-169">
         <name>.debug_info</name>
         <load_address>0x594df</load_address>
         <run_address>0x594df</run_address>
         <size>0x118</size>
         <input_file_ref idref="fl-41"/>
      </object_component>
      <object_component id="oc-16e">
         <name>.debug_info</name>
         <load_address>0x595f7</load_address>
         <run_address>0x595f7</run_address>
         <size>0x19d</size>
         <input_file_ref idref="fl-42"/>
      </object_component>
      <object_component id="oc-173">
         <name>.debug_info</name>
         <load_address>0x59794</load_address>
         <run_address>0x59794</run_address>
         <size>0x116</size>
         <input_file_ref idref="fl-43"/>
      </object_component>
      <object_component id="oc-177">
         <name>.debug_info</name>
         <load_address>0x598aa</load_address>
         <run_address>0x598aa</run_address>
         <size>0x3bd</size>
         <input_file_ref idref="fl-44"/>
      </object_component>
      <object_component id="oc-17c">
         <name>.debug_info</name>
         <load_address>0x59c67</load_address>
         <run_address>0x59c67</run_address>
         <size>0x330</size>
         <input_file_ref idref="fl-45"/>
      </object_component>
      <object_component id="oc-181">
         <name>.debug_info</name>
         <load_address>0x59f97</load_address>
         <run_address>0x59f97</run_address>
         <size>0x32d</size>
         <input_file_ref idref="fl-46"/>
      </object_component>
      <object_component id="oc-186">
         <name>.debug_info</name>
         <load_address>0x5a2c4</load_address>
         <run_address>0x5a2c4</run_address>
         <size>0x44f</size>
         <input_file_ref idref="fl-47"/>
      </object_component>
      <object_component id="oc-18b">
         <name>.debug_info</name>
         <load_address>0x5a713</load_address>
         <run_address>0x5a713</run_address>
         <size>0x41c</size>
         <input_file_ref idref="fl-48"/>
      </object_component>
      <object_component id="oc-209">
         <name>.debug_info</name>
         <load_address>0x5ab2f</load_address>
         <run_address>0x5ab2f</run_address>
         <size>0x90</size>
      </object_component>
      <object_component id="oc-47">
         <name>.debug_frame</name>
         <load_address>0x0</load_address>
         <run_address>0x0</run_address>
         <size>0x1e</size>
         <input_file_ref idref="fl-2"/>
      </object_component>
      <object_component id="oc-4e">
         <name>.debug_frame</name>
         <load_address>0x1e</load_address>
         <run_address>0x1e</run_address>
         <size>0x169</size>
         <input_file_ref idref="fl-3"/>
      </object_component>
      <object_component id="oc-54">
         <name>.debug_frame</name>
         <load_address>0x187</load_address>
         <run_address>0x187</run_address>
         <size>0x1e</size>
         <input_file_ref idref="fl-4"/>
      </object_component>
      <object_component id="oc-5b">
         <name>.debug_frame</name>
         <load_address>0x1a5</load_address>
         <run_address>0x1a5</run_address>
         <size>0x1b5</size>
         <input_file_ref idref="fl-5"/>
      </object_component>
      <object_component id="oc-62">
         <name>.debug_frame</name>
         <load_address>0x35a</load_address>
         <run_address>0x35a</run_address>
         <size>0x72</size>
         <input_file_ref idref="fl-6"/>
      </object_component>
      <object_component id="oc-67">
         <name>.debug_frame</name>
         <load_address>0x3cc</load_address>
         <run_address>0x3cc</run_address>
         <size>0x72</size>
         <input_file_ref idref="fl-7"/>
      </object_component>
      <object_component id="oc-6e">
         <name>.debug_frame</name>
         <load_address>0x43e</load_address>
         <run_address>0x43e</run_address>
         <size>0xcc</size>
         <input_file_ref idref="fl-8"/>
      </object_component>
      <object_component id="oc-76">
         <name>.debug_frame</name>
         <load_address>0x50a</load_address>
         <run_address>0x50a</run_address>
         <size>0xdf</size>
         <input_file_ref idref="fl-9"/>
      </object_component>
      <object_component id="oc-7c">
         <name>.debug_frame</name>
         <load_address>0x5e9</load_address>
         <run_address>0x5e9</run_address>
         <size>0x79</size>
         <input_file_ref idref="fl-a"/>
      </object_component>
      <object_component id="oc-85">
         <name>.debug_frame</name>
         <load_address>0x662</load_address>
         <run_address>0x662</run_address>
         <size>0xa8</size>
         <input_file_ref idref="fl-b"/>
      </object_component>
      <object_component id="oc-8a">
         <name>.debug_frame</name>
         <load_address>0x70a</load_address>
         <run_address>0x70a</run_address>
         <size>0x3a</size>
         <input_file_ref idref="fl-c"/>
      </object_component>
      <object_component id="oc-bf">
         <name>.debug_frame</name>
         <load_address>0x744</load_address>
         <run_address>0x744</run_address>
         <size>0x9c</size>
         <input_file_ref idref="fl-e"/>
      </object_component>
      <object_component id="oc-cd">
         <name>.debug_frame</name>
         <load_address>0x7e0</load_address>
         <run_address>0x7e0</run_address>
         <size>0x4f</size>
         <input_file_ref idref="fl-11"/>
      </object_component>
      <object_component id="oc-d8">
         <name>.debug_frame</name>
         <load_address>0x82f</load_address>
         <run_address>0x82f</run_address>
         <size>0x61b</size>
         <input_file_ref idref="fl-13"/>
      </object_component>
      <object_component id="oc-e2">
         <name>.debug_frame</name>
         <load_address>0xe4a</load_address>
         <run_address>0xe4a</run_address>
         <size>0x105</size>
         <input_file_ref idref="fl-15"/>
      </object_component>
      <object_component id="oc-e7">
         <name>.debug_frame</name>
         <load_address>0xf4f</load_address>
         <run_address>0xf4f</run_address>
         <size>0x33</size>
         <input_file_ref idref="fl-16"/>
      </object_component>
      <object_component id="oc-ec">
         <name>.debug_frame</name>
         <load_address>0xf82</load_address>
         <run_address>0xf82</run_address>
         <size>0x39</size>
         <input_file_ref idref="fl-17"/>
      </object_component>
      <object_component id="oc-f1">
         <name>.debug_frame</name>
         <load_address>0xfbb</load_address>
         <run_address>0xfbb</run_address>
         <size>0x1e</size>
         <input_file_ref idref="fl-18"/>
      </object_component>
      <object_component id="oc-f6">
         <name>.debug_frame</name>
         <load_address>0xfd9</load_address>
         <run_address>0xfd9</run_address>
         <size>0x48</size>
         <input_file_ref idref="fl-19"/>
      </object_component>
      <object_component id="oc-fb">
         <name>.debug_frame</name>
         <load_address>0x1021</load_address>
         <run_address>0x1021</run_address>
         <size>0x39</size>
         <input_file_ref idref="fl-1a"/>
      </object_component>
      <object_component id="oc-100">
         <name>.debug_frame</name>
         <load_address>0x105a</load_address>
         <run_address>0x105a</run_address>
         <size>0x5d</size>
         <input_file_ref idref="fl-1b"/>
      </object_component>
      <object_component id="oc-105">
         <name>.debug_frame</name>
         <load_address>0x10b7</load_address>
         <run_address>0x10b7</run_address>
         <size>0x112</size>
         <input_file_ref idref="fl-1c"/>
      </object_component>
      <object_component id="oc-115">
         <name>.debug_frame</name>
         <load_address>0x11cc</load_address>
         <run_address>0x11cc</run_address>
         <size>0xfc</size>
         <input_file_ref idref="fl-31"/>
      </object_component>
      <object_component id="oc-120">
         <name>.debug_frame</name>
         <load_address>0x12c8</load_address>
         <run_address>0x12c8</run_address>
         <size>0x54</size>
         <input_file_ref idref="fl-33"/>
      </object_component>
      <object_component id="oc-126">
         <name>.debug_frame</name>
         <load_address>0x131c</load_address>
         <run_address>0x131c</run_address>
         <size>0x56</size>
         <input_file_ref idref="fl-34"/>
      </object_component>
      <object_component id="oc-12c">
         <name>.debug_frame</name>
         <load_address>0x1372</load_address>
         <run_address>0x1372</run_address>
         <size>0x43</size>
         <input_file_ref idref="fl-35"/>
      </object_component>
      <object_component id="oc-137">
         <name>.debug_frame</name>
         <load_address>0x13b5</load_address>
         <run_address>0x13b5</run_address>
         <size>0x51</size>
         <input_file_ref idref="fl-37"/>
      </object_component>
      <object_component id="oc-178">
         <name>.debug_frame</name>
         <load_address>0x1406</load_address>
         <run_address>0x1406</run_address>
         <size>0x33</size>
         <input_file_ref idref="fl-44"/>
      </object_component>
      <object_component id="oc-17d">
         <name>.debug_frame</name>
         <load_address>0x1439</load_address>
         <run_address>0x1439</run_address>
         <size>0x33</size>
         <input_file_ref idref="fl-45"/>
      </object_component>
      <object_component id="oc-182">
         <name>.debug_frame</name>
         <load_address>0x146c</load_address>
         <run_address>0x146c</run_address>
         <size>0x33</size>
         <input_file_ref idref="fl-46"/>
      </object_component>
      <object_component id="oc-187">
         <name>.debug_frame</name>
         <load_address>0x149f</load_address>
         <run_address>0x149f</run_address>
         <size>0x5d</size>
         <input_file_ref idref="fl-47"/>
      </object_component>
      <object_component id="oc-18c">
         <name>.debug_frame</name>
         <load_address>0x14fc</load_address>
         <run_address>0x14fc</run_address>
         <size>0x33</size>
         <input_file_ref idref="fl-48"/>
      </object_component>
      <object_component id="oc-48">
         <name>.debug_line</name>
         <load_address>0x0</load_address>
         <run_address>0x0</run_address>
         <size>0x32</size>
         <input_file_ref idref="fl-2"/>
      </object_component>
      <object_component id="oc-4f">
         <name>.debug_line</name>
         <load_address>0x32</load_address>
         <run_address>0x32</run_address>
         <size>0x372</size>
         <input_file_ref idref="fl-3"/>
      </object_component>
      <object_component id="oc-55">
         <name>.debug_line</name>
         <load_address>0x3a4</load_address>
         <run_address>0x3a4</run_address>
         <size>0x34</size>
         <input_file_ref idref="fl-4"/>
      </object_component>
      <object_component id="oc-5c">
         <name>.debug_line</name>
         <load_address>0x3d8</load_address>
         <run_address>0x3d8</run_address>
         <size>0x317</size>
         <input_file_ref idref="fl-5"/>
      </object_component>
      <object_component id="oc-63">
         <name>.debug_line</name>
         <load_address>0x6ef</load_address>
         <run_address>0x6ef</run_address>
         <size>0x155</size>
         <input_file_ref idref="fl-6"/>
      </object_component>
      <object_component id="oc-68">
         <name>.debug_line</name>
         <load_address>0x844</load_address>
         <run_address>0x844</run_address>
         <size>0xa6</size>
         <input_file_ref idref="fl-7"/>
      </object_component>
      <object_component id="oc-6f">
         <name>.debug_line</name>
         <load_address>0x8ea</load_address>
         <run_address>0x8ea</run_address>
         <size>0x2f3</size>
         <input_file_ref idref="fl-8"/>
      </object_component>
      <object_component id="oc-77">
         <name>.debug_line</name>
         <load_address>0xbdd</load_address>
         <run_address>0xbdd</run_address>
         <size>0x23d</size>
         <input_file_ref idref="fl-9"/>
      </object_component>
      <object_component id="oc-7d">
         <name>.debug_line</name>
         <load_address>0xe1a</load_address>
         <run_address>0xe1a</run_address>
         <size>0xe7</size>
         <input_file_ref idref="fl-a"/>
      </object_component>
      <object_component id="oc-86">
         <name>.debug_line</name>
         <load_address>0xf01</load_address>
         <run_address>0xf01</run_address>
         <size>0x1fe</size>
         <input_file_ref idref="fl-b"/>
      </object_component>
      <object_component id="oc-8b">
         <name>.debug_line</name>
         <load_address>0x10ff</load_address>
         <run_address>0x10ff</run_address>
         <size>0x73</size>
         <input_file_ref idref="fl-c"/>
      </object_component>
      <object_component id="oc-c0">
         <name>.debug_line</name>
         <load_address>0x1172</load_address>
         <run_address>0x1172</run_address>
         <size>0x174</size>
         <input_file_ref idref="fl-e"/>
      </object_component>
      <object_component id="oc-c8">
         <name>.debug_line</name>
         <load_address>0x12e6</load_address>
         <run_address>0x12e6</run_address>
         <size>0x78</size>
         <input_file_ref idref="fl-10"/>
      </object_component>
      <object_component id="oc-ce">
         <name>.debug_line</name>
         <load_address>0x135e</load_address>
         <run_address>0x135e</run_address>
         <size>0x9f</size>
         <input_file_ref idref="fl-11"/>
      </object_component>
      <object_component id="oc-d3">
         <name>.debug_line</name>
         <load_address>0x13fd</load_address>
         <run_address>0x13fd</run_address>
         <size>0x5e</size>
         <input_file_ref idref="fl-12"/>
      </object_component>
      <object_component id="oc-d9">
         <name>.debug_line</name>
         <load_address>0x145b</load_address>
         <run_address>0x145b</run_address>
         <size>0x6d0</size>
         <input_file_ref idref="fl-13"/>
      </object_component>
      <object_component id="oc-de">
         <name>.debug_line</name>
         <load_address>0x1b2b</load_address>
         <run_address>0x1b2b</run_address>
         <size>0x62</size>
         <input_file_ref idref="fl-14"/>
      </object_component>
      <object_component id="oc-e3">
         <name>.debug_line</name>
         <load_address>0x1b8d</load_address>
         <run_address>0x1b8d</run_address>
         <size>0x194</size>
         <input_file_ref idref="fl-15"/>
      </object_component>
      <object_component id="oc-e8">
         <name>.debug_line</name>
         <load_address>0x1d21</load_address>
         <run_address>0x1d21</run_address>
         <size>0x6d</size>
         <input_file_ref idref="fl-16"/>
      </object_component>
      <object_component id="oc-ed">
         <name>.debug_line</name>
         <load_address>0x1d8e</load_address>
         <run_address>0x1d8e</run_address>
         <size>0x6e</size>
         <input_file_ref idref="fl-17"/>
      </object_component>
      <object_component id="oc-f2">
         <name>.debug_line</name>
         <load_address>0x1dfc</load_address>
         <run_address>0x1dfc</run_address>
         <size>0x4d</size>
         <input_file_ref idref="fl-18"/>
      </object_component>
      <object_component id="oc-f7">
         <name>.debug_line</name>
         <load_address>0x1e49</load_address>
         <run_address>0x1e49</run_address>
         <size>0x9d</size>
         <input_file_ref idref="fl-19"/>
      </object_component>
      <object_component id="oc-fc">
         <name>.debug_line</name>
         <load_address>0x1ee6</load_address>
         <run_address>0x1ee6</run_address>
         <size>0x81</size>
         <input_file_ref idref="fl-1a"/>
      </object_component>
      <object_component id="oc-101">
         <name>.debug_line</name>
         <load_address>0x1f67</load_address>
         <run_address>0x1f67</run_address>
         <size>0x94</size>
         <input_file_ref idref="fl-1b"/>
      </object_component>
      <object_component id="oc-106">
         <name>.debug_line</name>
         <load_address>0x1ffb</load_address>
         <run_address>0x1ffb</run_address>
         <size>0x1fc</size>
         <input_file_ref idref="fl-1c"/>
      </object_component>
      <object_component id="oc-10b">
         <name>.debug_line</name>
         <load_address>0x21f7</load_address>
         <run_address>0x21f7</run_address>
         <size>0x5f</size>
         <input_file_ref idref="fl-1d"/>
      </object_component>
      <object_component id="oc-116">
         <name>.debug_line</name>
         <load_address>0x2256</load_address>
         <run_address>0x2256</run_address>
         <size>0x2d1</size>
         <input_file_ref idref="fl-31"/>
      </object_component>
      <object_component id="oc-11c">
         <name>.debug_line</name>
         <load_address>0x2527</load_address>
         <run_address>0x2527</run_address>
         <size>0x7d</size>
         <input_file_ref idref="fl-32"/>
      </object_component>
      <object_component id="oc-121">
         <name>.debug_line</name>
         <load_address>0x25a4</load_address>
         <run_address>0x25a4</run_address>
         <size>0x50</size>
         <input_file_ref idref="fl-33"/>
      </object_component>
      <object_component id="oc-127">
         <name>.debug_line</name>
         <load_address>0x25f4</load_address>
         <run_address>0x25f4</run_address>
         <size>0xe5</size>
         <input_file_ref idref="fl-34"/>
      </object_component>
      <object_component id="oc-12d">
         <name>.debug_line</name>
         <load_address>0x26d9</load_address>
         <run_address>0x26d9</run_address>
         <size>0xae</size>
         <input_file_ref idref="fl-35"/>
      </object_component>
      <object_component id="oc-138">
         <name>.debug_line</name>
         <load_address>0x2787</load_address>
         <run_address>0x2787</run_address>
         <size>0x65</size>
         <input_file_ref idref="fl-37"/>
      </object_component>
      <object_component id="oc-13d">
         <name>.debug_line</name>
         <load_address>0x27ec</load_address>
         <run_address>0x27ec</run_address>
         <size>0xa2</size>
         <input_file_ref idref="fl-38"/>
      </object_component>
      <object_component id="oc-142">
         <name>.debug_line</name>
         <load_address>0x288e</load_address>
         <run_address>0x288e</run_address>
         <size>0x58</size>
         <input_file_ref idref="fl-39"/>
      </object_component>
      <object_component id="oc-147">
         <name>.debug_line</name>
         <load_address>0x28e6</load_address>
         <run_address>0x28e6</run_address>
         <size>0xa9</size>
         <input_file_ref idref="fl-3a"/>
      </object_component>
      <object_component id="oc-14c">
         <name>.debug_line</name>
         <load_address>0x298f</load_address>
         <run_address>0x298f</run_address>
         <size>0x52</size>
         <input_file_ref idref="fl-3b"/>
      </object_component>
      <object_component id="oc-151">
         <name>.debug_line</name>
         <load_address>0x29e1</load_address>
         <run_address>0x29e1</run_address>
         <size>0xab</size>
         <input_file_ref idref="fl-3c"/>
      </object_component>
      <object_component id="oc-156">
         <name>.debug_line</name>
         <load_address>0x2a8c</load_address>
         <run_address>0x2a8c</run_address>
         <size>0x8d</size>
[...]
         <value>0x3ecd9c</value>
         <object_component_ref idref="oc-1ab"/>
      </symbol>
      <symbol id="sm-499">
         <name>_PieVectTableInit</name>
         <value>0x3f2000</value>
         <object_component_ref idref="oc-1b9"/>
      </symbol>
      <symbol id="sm-49a">
         <name>_InitPieVectTable</name>
         <value>0x3ecda5</value>
         <object_component_ref idref="oc-1ac"/>
      </symbol>
      <symbol id="sm-4a6">
         <name>_InitSciaGpio</name>
         <value>0x3ece68</value>
         <object_component_ref idref="oc-1ba"/>
      </symbol>
      <symbol id="sm-4a7">
         <name>_InitSciGpio</name>
         <value>0x3ece65</value>
         <object_component_ref idref="oc-1ba"/>
      </symbol>
      <symbol id="sm-4a8">
         <name>_InitSci</name>
         <value>0x3ece64</value>
         <object_component_ref idref="oc-1ba"/>
      </symbol>
      <symbol id="sm-4bf">
         <name>_InitPll</name>
         <value>0x3ec61b</value>
         <object_component_ref idref="oc-1a3"/>
      </symbol>
      <symbol id="sm-4c0">
         <name>_IntOsc1Sel</name>
         <value>0x3ec6dd</value>
         <object_component_ref idref="oc-1a3"/>
      </symbol>
      <symbol id="sm-4c1">
         <name>_ExtOscSel</name>
         <value>0x3ec715</value>
         <object_component_ref idref="oc-1a3"/>
      </symbol>
      <symbol id="sm-4c2">
         <name>_DisableDog</name>
         <value>0x3ec613</value>
         <object_component_ref idref="oc-1a3"/>
      </symbol>
      <symbol id="sm-4c3">
         <name>_InitPeripheralClocks</name>
         <value>0x3ec670</value>
         <object_component_ref idref="oc-1a3"/>
      </symbol>
      <symbol id="sm-4c4">
         <name>_IntOsc2Sel</name>
         <value>0x3ec6ed</value>
         <object_component_ref idref="oc-1a3"/>
      </symbol>
      <symbol id="sm-4c5">
         <name>_InitFlash</name>
         <value>0x8ab8</value>
         <object_component_ref idref="oc-1a8"/>
      </symbol>
      <symbol id="sm-4c6">
         <name>_CsmUnlock</name>
         <value>0x3ec6ac</value>
         <object_component_ref idref="oc-1a3"/>
      </symbol>
      <symbol id="sm-4c7">
         <name>_ServiceDog</name>
         <value>0x3ec609</value>
         <object_component_ref idref="oc-1a3"/>
      </symbol>
      <symbol id="sm-4c8">
         <name>_XtalOscSel</name>
         <value>0x3ec701</value>
         <object_component_ref idref="oc-1a3"/>
      </symbol>
      <symbol id="sm-4c9">
         <name>_InitSysCtrl</name>
         <value>0x3ec5ef</value>
         <object_component_ref idref="oc-1a3"/>
      </symbol>
      <symbol id="sm-4d5">
         <name>_DSP28x_usDelay</name>
         <value>0x8ad3</value>
         <object_component_ref idref="oc-109"/>
      </symbol>
      <symbol id="sm-4df">
         <name>__IQ24atan2PU</name>
         <value>0x3f0ad7</value>
         <object_component_ref idref="oc-10e"/>
      </symbol>
      <symbol id="sm-4ea">
         <name>__IQ24cosPU</name>
         <value>0x3f0c2f</value>
         <object_component_ref idref="oc-10f"/>
      </symbol>
      <symbol id="sm-4f5">
         <name>__IQ24div</name>
         <value>0x3f0b5f</value>
         <object_component_ref idref="oc-110"/>
      </symbol>
      <symbol id="sm-500">
         <name>__IQ24sinPU</name>
         <value>0x3f0c06</value>
         <object_component_ref idref="oc-111"/>
      </symbol>
      <symbol id="sm-504">
         <name>_IQ16mpyRndSatTable</name>
         <value>0x3fea90</value>
         <object_component_ref idref="oc-112"/>
      </symbol>
      <symbol id="sm-505">
         <name>_IQ24mpyRndSatTable</name>
         <value>0x3fea30</value>
         <object_component_ref idref="oc-112"/>
      </symbol>
      <symbol id="sm-506">
         <name>_IQ13mpyRndSatTable</name>
         <value>0x3feab4</value>
         <object_component_ref idref="oc-112"/>
      </symbol>
      <symbol id="sm-507">
         <name>_IQ21mpyRndSatTable</name>
         <value>0x3fea54</value>
         <object_component_ref idref="oc-112"/>
      </symbol>
      <symbol id="sm-508">
         <name>_IQ10mpyRndSatTable</name>
         <value>0x3fead8</value>
         <object_component_ref idref="oc-112"/>
      </symbol>
      <symbol id="sm-509">
         <name>_IQdivTable</name>
         <value>0x3fe510</value>
         <object_component_ref idref="oc-112"/>
      </symbol>
      <symbol id="sm-50a">
         <name>_IQ9mpyRndSatTable</name>
         <value>0x3feae4</value>
         <object_component_ref idref="oc-112"/>
      </symbol>
      <symbol id="sm-50b">
         <name>_IQ6mpyRndSatTable</name>
         <value>0x3feb08</value>
         <object_component_ref idref="oc-112"/>
      </symbol>
      <symbol id="sm-50c">
         <name>_IQatan2TableEnd</name>
         <value>0x3fe9e8</value>
         <object_component_ref idref="oc-112"/>
      </symbol>
      <symbol id="sm-50d">
         <name>_IQdivTableEnd</name>
         <value>0x3fe712</value>
         <object_component_ref idref="oc-112"/>
      </symbol>
      <symbol id="sm-50e">
         <name>_IQ29mpyRndSatTable</name>
         <value>0x3fe9f4</value>
         <object_component_ref idref="oc-112"/>
      </symbol>
      <symbol id="sm-50f">
         <name>_IQ3mpyRndSatTable</name>
         <value>0x3feb2c</value>
         <object_component_ref idref="oc-112"/>
      </symbol>
      <symbol id="sm-510">
         <name>_IQ18mpyRndSatTable</name>
         <value>0x3fea78</value>
         <object_component_ref idref="oc-112"/>
      </symbol>
      <symbol id="sm-511">
         <name>_IQ26mpyRndSatTable</name>
         <value>0x3fea18</value>
         <object_component_ref idref="oc-112"/>
      </symbol>
      <symbol id="sm-512">
         <name>_IQcosTableEnd</name>
         <value>0x3fe502</value>
         <object_component_ref idref="oc-112"/>
      </symbol>
      <symbol id="sm-513">
         <name>_IQsinTableEnd</name>
         <value>0x3fe400</value>
         <object_component_ref idref="oc-112"/>
      </symbol>
      <symbol id="sm-514">
         <name>_IQ15mpyRndSatTable</name>
         <value>0x3fea9c</value>
         <object_component_ref idref="oc-112"/>
      </symbol>
      <symbol id="sm-515">
         <name>_IQ23mpyRndSatTable</name>
         <value>0x3fea3c</value>
         <object_component_ref idref="oc-112"/>
      </symbol>
      <symbol id="sm-516">
         <name>_IQ12mpyRndSatTable</name>
         <value>0x3feac0</value>
         <object_component_ref idref="oc-112"/>
      </symbol>
      <symbol id="sm-517">
         <name>_IQ20mpyRndSatTable</name>
         <value>0x3fea60</value>
         <object_component_ref idref="oc-112"/>
      </symbol>
      <symbol id="sm-518">
         <name>_IQisqrtTableEnd</name>
         <value>0x3fe824</value>
         <object_component_ref idref="oc-112"/>
      </symbol>
      <symbol id="sm-519">
         <name>_IQ8mpyRndSatTable</name>
         <value>0x3feaf0</value>
         <object_component_ref idref="oc-112"/>
      </symbol>
      <symbol id="sm-51a">
         <name>_IQisqrtRoundSatTable</name>
         <value>0x3fe712</value>
         <object_component_ref idref="oc-112"/>
      </symbol>
      <symbol id="sm-51b">
         <name>_IQ5mpyRndSatTable</name>
         <value>0x3feb14</value>
         <object_component_ref idref="oc-112"/>
      </symbol>
      <symbol id="sm-51c">
         <name>_IQmpyRndSatTable</name>
         <value>0x3fe9e8</value>
         <object_component_ref idref="oc-112"/>
      </symbol>
      <symbol id="sm-51d">
         <name>_IQ28mpyRndSatTable</name>
         <value>0x3fea00</value>
         <object_component_ref idref="oc-112"/>
      </symbol>
      <symbol id="sm-51e">
         <name>_IQatan2Table</name>
         <value>0x3fe862</value>
         <object_component_ref idref="oc-112"/>
      </symbol>
      <symbol id="sm-51f">
         <name>_IQ2mpyRndSatTable</name>
         <value>0x3feb38</value>
         <object_component_ref idref="oc-112"/>
      </symbol>
      <symbol id="sm-520">
         <name>_IQatan2HalfPITable</name>
         <value>0x3fe824</value>
         <object_component_ref idref="oc-112"/>
      </symbol>
      <symbol id="sm-521">
         <name>_IQ17mpyRndSatTable</name>
         <value>0x3fea84</value>
         <object_component_ref idref="oc-112"/>
      </symbol>
      <symbol id="sm-522">
         <name>_IQ25mpyRndSatTable</name>
         <value>0x3fea24</value>
         <object_component_ref idref="oc-112"/>
      </symbol>
      <symbol id="sm-523">
         <name>_IQsqrtTable</name>
         <value>0x3fe722</value>
         <object_component_ref idref="oc-112"/>
      </symbol>
      <symbol id="sm-524">
         <name>_IQsqrtTableEnd</name>
         <value>0x3fe824</value>
         <object_component_ref idref="oc-112"/>
      </symbol>
      <symbol id="sm-525">
         <name>_IQ14mpyRndSatTable</name>
         <value>0x3feaa8</value>
         <object_component_ref idref="oc-112"/>
      </symbol>
      <symbol id="sm-526">
         <name>_IQ22mpyRndSatTable</name>
         <value>0x3fea48</value>
         <object_component_ref idref="oc-112"/>
      </symbol>
      <symbol id="sm-527">
         <name>_IQ30mpyRndSatTable</name>
         <value>0x3fe9e8</value>
         <object_component_ref idref="oc-112"/>
      </symbol>
      <symbol id="sm-528">
         <name>_IQsqrtRoundSatTable</name>
         <value>0x3fe712</value>
         <object_component_ref idref="oc-112"/>
      </symbol>
      <symbol id="sm-529">
         <name>_IQ11mpyRndSatTable</name>
         <value>0x3feacc</value>
         <object_component_ref idref="oc-112"/>
      </symbol>
      <symbol id="sm-52a">
         <name>_IQdivRoundSatTable</name>
         <value>0x3fe502</value>
         <object_component_ref idref="oc-112"/>
      </symbol>
      <symbol id="sm-52b">
         <name>_IQ7mpyRndSatTable</name>
         <value>0x3feafc</value>
         <object_component_ref idref="oc-112"/>
      </symbol>
      <symbol id="sm-52c">
         <name>_IQcosTable</name>
         <value>0x3fe100</value>
         <object_component_ref idref="oc-112"/>
      </symbol>
      <symbol id="sm-52d">
         <name>_IQisqrtTable</name>
         <value>0x3fe722</value>
         <object_component_ref idref="oc-112"/>
      </symbol>
      <symbol id="sm-52e">
         <name>_IQ4mpyRndSatTable</name>
         <value>0x3feb20</value>
         <object_component_ref idref="oc-112"/>
      </symbol>
      <symbol id="sm-52f">
         <name>_IQ19mpyRndSatTable</name>
         <value>0x3fea6c</value>
         <object_component_ref idref="oc-112"/>
      </symbol>
      <symbol id="sm-530">
         <name>_IQ27mpyRndSatTable</name>
         <value>0x3fea0c</value>
         <object_component_ref idref="oc-112"/>
      </symbol>
      <symbol id="sm-531">
         <name>_IQmpyRndSatTableEnd</name>
         <value>0x3feb50</value>
         <object_component_ref idref="oc-112"/>
      </symbol>
      <symbol id="sm-532">
         <name>_IQ1mpyRndSatTable</name>
         <value>0x3feb44</value>
         <object_component_ref idref="oc-112"/>
      </symbol>
      <symbol id="sm-533">
         <name>_IQsinTable</name>
         <value>0x3fe000</value>
         <object_component_ref idref="oc-112"/>
      </symbol>
      <symbol id="sm-560">
         <name>_TempSin</name>
         <value>0x8f02</value>
         <object_component_ref idref="oc-114"/>
      </symbol>
      <symbol id="sm-561">
         <name>_pid_reg_calc</name>
         <value>0x3eb000</value>
         <object_component_ref idref="oc-1b1"/>
      </symbol>
      <symbol id="sm-562">
         <name>_anxiq_reg</name>
         <value>0x8f1e</value>
         <object_component_ref idref="oc-114"/>
      </symbol>
      <symbol id="sm-563">
         <name>_Sanqu_List</name>
         <value>0x3f214c</value>
         <object_component_ref idref="oc-1bc"/>
      </symbol>
      <symbol id="sm-564">
         <name>_ControlParameter_Init</name>
         <value>0x3eb3bc</value>
         <object_component_ref idref="oc-1b1"/>
      </symbol>
      <symbol id="sm-565">
         <name>_SensorlessCtrl</name>
         <value>0x3eb211</value>
         <object_component_ref idref="oc-1b1"/>
      </symbol>
      <symbol id="sm-566">
         <name>_SensorlessVars</name>
         <value>0x8f80</value>
         <object_component_ref idref="oc-114"/>
      </symbol>
      <symbol id="sm-567">
         <name>_FocIoutParameter</name>
         <value>0x8f04</value>
         <object_component_ref idref="oc-114"/>
      </symbol>
      <symbol id="sm-568">
         <name>_anxid_reg</name>
         <value>0x8f58</value>
         <object_component_ref idref="oc-114"/>
      </symbol>
      <symbol id="sm-569">
         <name>_SvpwmParameter</name>
         <value>0x8f10</value>
         <object_component_ref idref="oc-114"/>
      </symbol>
      <symbol id="sm-56a">
         <name>_ABC2DQ_Fun</name>
         <value>0x3eb41f</value>
         <object_component_ref idref="oc-1b1"/>
      </symbol>
      <symbol id="sm-56b">
         <name>_TempCos</name>
         <value>0x8f00</value>
         <object_component_ref idref="oc-114"/>
      </symbol>
      <symbol id="sm-56c">
         <name>_Svpwm_Fun</name>
         <value>0x3eb03b</value>
         <object_component_ref idref="oc-1b1"/>
      </symbol>
      <symbol id="sm-56d">
         <name>_spd_reg</name>
         <value>0x8f40</value>
         <object_component_ref idref="oc-114"/>
      </symbol>
      <symbol id="sm-588">
         <name>_c_int00</name>
         <value>0x3eccad</value>
         <object_component_ref idref="oc-44"/>
      </symbol>
      <symbol id="sm-589">
         <name>__stack</name>
         <value>0x50</value>
         <object_component_ref idref="oc-119"/>
      </symbol>
      <symbol id="sm-598">
         <name>_copy_in</name>
         <value>0x3ecdcb</value>
         <object_component_ref idref="oc-193"/>
      </symbol>
      <symbol id="sm-5cb">
         <name>_exp</name>
         <value>0x3ec4a0</value>
         <object_component_ref idref="oc-1a9"/>
      </symbol>
      <symbol id="sm-5cc">
         <name>_expf</name>
         <value>0x3ec4a0</value>
         <object_component_ref idref="oc-1a9"/>
      </symbol>
      <symbol id="sm-5e7">
         <name>_sqrtf</name>
         <value>0x3ecaa2</value>
         <object_component_ref idref="oc-1aa"/>
      </symbol>
      <symbol id="sm-5e8">
         <name>_sqrt</name>
         <value>0x3ecaa2</value>
         <object_component_ref idref="oc-1aa"/>
      </symbol>
      <symbol id="sm-5f2">
         <name>_errno</name>
         <value>0x8efc</value>
         <object_component_ref idref="oc-132"/>
      </symbol>
      <symbol id="sm-606">
         <name>C$$EXIT</name>
         <value>0x3ecd2b</value>
         <object_component_ref idref="oc-196"/>
      </symbol>
      <symbol id="sm-607">
         <name>_exit</name>
         <value>0x3ecd2d</value>
         <object_component_ref idref="oc-196"/>
      </symbol>
      <symbol id="sm-608">
         <name>___TI_cleanup_ptr</name>
         <value>0x8dba</value>
         <object_component_ref idref="oc-136"/>
      </symbol>
      <symbol id="sm-609">
         <name>___TI_enable_exit_profile_output</name>
         <value>0x8db8</value>
         <object_component_ref idref="oc-136"/>
      </symbol>
      <symbol id="sm-60a">
         <name>_abort</name>
         <value>0x3ecd2b</value>
         <object_component_ref idref="oc-196"/>
      </symbol>
      <symbol id="sm-60b">
         <name>___TI_dtors_ptr</name>
         <value>0x8dbc</value>
         <object_component_ref idref="oc-136"/>
      </symbol>
      <symbol id="sm-61d">
         <name>FD$$MPY</name>
         <value>0x3ec924</value>
         <object_component_ref idref="oc-13b"/>
      </symbol>
      <symbol id="sm-62c">
         <name>FD$$TOL</name>
         <value>0x3ecdef</value>
         <object_component_ref idref="oc-140"/>
      </symbol>
      <symbol id="sm-646">
         <name>FS$$ADD</name>
         <value>0x3eca2f</value>
         <object_component_ref idref="oc-145"/>
      </symbol>
      <symbol id="sm-647">
         <name>FS$$SUB</name>
         <value>0x3eca2a</value>
         <object_component_ref idref="oc-145"/>
      </symbol>
      <symbol id="sm-659">
         <name>FS$$CMP</name>
         <value>0x3eceb1</value>
         <object_component_ref idref="oc-14a"/>
      </symbol>
      <symbol id="sm-66a">
         <name>FS$$DIV</name>
         <value>0x3ec9a7</value>
         <object_component_ref idref="oc-14f"/>
      </symbol>
      <symbol id="sm-67b">
         <name>FS$$MPY</name>
         <value>0x3ecc53</value>
         <object_component_ref idref="oc-154"/>
      </symbol>
      <symbol id="sm-688">
         <name>FS$$NEG</name>
         <value>0x3ecf08</value>
         <object_component_ref idref="oc-159"/>
      </symbol>
      <symbol id="sm-698">
         <name>FS$$TOFD</name>
         <value>0x3ece48</value>
         <object_component_ref idref="oc-15e"/>
      </symbol>
      <symbol id="sm-6ab">
         <name>FS$$TOL</name>
         <value>0x3ecd54</value>
         <object_component_ref idref="oc-163"/>
      </symbol>
      <symbol id="sm-6bc">
         <name>FS$$TOU</name>
         <value>0x3ece0e</value>
         <object_component_ref idref="oc-168"/>
      </symbol>
      <symbol id="sm-6c8">
         <name>UL$$MOD</name>
         <value>0x3ecd25</value>
         <object_component_ref idref="oc-16d"/>
      </symbol>
      <symbol id="sm-6c9">
         <name>L$$MOD</name>
         <value>0x3ecd10</value>
         <object_component_ref idref="oc-16d"/>
      </symbol>
      <symbol id="sm-6ca">
         <name>L$$DIV</name>
         <value>0x3ecd01</value>
         <object_component_ref idref="oc-16d"/>
      </symbol>
      <symbol id="sm-6cb">
         <name>UL$$DIV</name>
         <value>0x3ecd1e</value>
         <object_component_ref idref="oc-16d"/>
      </symbol>
      <symbol id="sm-6da">
         <name>L$$TOFS</name>
         <value>0x3ece7e</value>
         <object_component_ref idref="oc-172"/>
      </symbol>
      <symbol id="sm-6eb">
         <name>_memcpy</name>
         <value>0x3ece2b</value>
         <object_component_ref idref="oc-19c"/>
      </symbol>
      <symbol id="sm-6f7">
         <name>__system_pre_init</name>
         <value>0x3ecf14</value>
         <object_component_ref idref="oc-192"/>
      </symbol>
      <symbol id="sm-703">
         <name>__system_post_cinit</name>
         <value>0x3ecf16</value>
         <object_component_ref idref="oc-194"/>
      </symbol>
      <symbol id="sm-717">
         <name>__unlock</name>
         <value>0x8ef6</value>
         <object_component_ref idref="oc-1bb"/>
      </symbol>
      <symbol id="sm-718">
         <name>__lock</name>
         <value>0x8dbe</value>
         <object_component_ref idref="oc-19e"/>
      </symbol>
      <symbol id="sm-719">
         <name>__register_lock</name>
         <value>0x3ecef4</value>
         <object_component_ref idref="oc-1af"/>
      </symbol>
      <symbol id="sm-71a">
         <name>__nop</name>
         <value>0x3ecef8</value>
         <object_component_ref idref="oc-1af"/>
      </symbol>
      <symbol id="sm-71b">
         <name>__register_unlock</name>
         <value>0x3ecef0</value>
         <object_component_ref idref="oc-1af"/>
      </symbol>
      <symbol id="sm-72a">
         <name>__args_main</name>
         <value>0x3ece98</value>
         <object_component_ref idref="oc-195"/>
      </symbol>
      <symbol id="sm-735">
         <name>__IQ24cos</name>
         <value>0x3f0bd7</value>
         <object_component_ref idref="oc-190"/>
      </symbol>
      <symbol id="sm-740">
         <name>__IQ24sin</name>
         <value>0x3f0ba6</value>
         <object_component_ref idref="oc-191"/>
      </symbol>
   </symbol_table>
   <title>Link successful</title>
</link_info>
